==== textobj_line_select_a 
---- It should select all characters in the current line but the end of line. 
..........

==== textobj_line_select_i 
---- It should select all characters in the current line but surrounding spaces. 
..........



**** Result ****


20 examples, 0 failures
